******************************************************************************
                  TI ARM Linker Unix v20.2.7                   
******************************************************************************
>> Linked Wed Apr 17 21:57:38 2024

OUTPUT FILE NAME:   <Buildup.out>
ENTRY POINT SYMBOL: "_c_int00_noargs"  address: 00003a91


MEMORY CONFIGURATION

         name            origin    length      used     unused   attr    fill
----------------------  --------  ---------  --------  --------  ----  --------
  FLASH                 00000000   00040000  00003b32  0003c4ce  R  X
  SRAM                  20000000   00008000  00001ff0  00006010  RW X


SEGMENT ALLOCATION MAP

run origin  load origin   length   init length attrs members
----------  ----------- ---------- ----------- ----- -------
00000000    00000000    00003b38   00003b38    r-x
  00000000    00000000    0000026c   0000026c    r-- .intvecs
  0000026c    0000026c    00003886   00003886    r-x .text
  00003af4    00003af4    00000008   00000008    r-- .const
  00003b00    00003b00    00000038   00000038    r-- .cinit
20000000    20000000    00001ff0   00000000    rw-
  20000000    20000000    00001da8   00000000    rw- .bss
  20001da8    20001da8    00000200   00000000    rw- .stack
  20001fa8    20001fa8    00000048   00000000    rw- .data


SECTION ALLOCATION MAP

 output                                  attributes/
section   page    origin      length       input sections
--------  ----  ----------  ----------   ----------------
.intvecs   0    00000000    0000026c     
                  00000000    0000026c     startup_frt.obj (.intvecs)

.text      0    0000026c    00003886     
                  0000026c    00001d30     tasks.obj (.text)
                  00001f9c    00000bea     queue.obj (.text)
                  00002b86    00000002     --HOLE-- [fill = 0]
                  00002b88    000001dc     spi.obj (.text)
                  00002d64    000001d8     heap_2.obj (.text)
                  00002f3c    000001ac     uart0.obj (.text)
                  000030e8    0000013c     port.obj (.text)
                  00003224    00000134     main.obj (.text)
                  00003358    0000012a     list.obj (.text)
                  00003482    00000002     --HOLE-- [fill = 0]
                  00003484    000000f0     joystick.obj (.text)
                  00003574    000000da     portasm.obj (.text)
                  0000364e    00000002     --HOLE-- [fill = 0]
                  00003650    000000b0     uart.obj (.text)
                  00003700    000000a4     gpio.obj (.text)
                  000037a4    0000009c     rtsv7M4_T_le_v4SPD16_eabi.lib : memcpy_t2.asm.obj (.text)
                  00003840    0000007a                                   : memset_t2.asm.obj (.text)
                  000038ba    00000002     --HOLE-- [fill = 0]
                  000038bc    00000070     adc.obj (.text)
                  0000392c    0000006c     systick_frt.obj (.text)
                  00003998    00000068     rtsv7M4_T_le_v4SPD16_eabi.lib : copy_decompress_lzss.c.obj (.text:decompress:lzss:__TI_decompress_lzss)
                  00003a00    0000004c     controller.obj (.text)
                  00003a4c    00000044     rtsv7M4_T_le_v4SPD16_eabi.lib : autoinit.c.obj (.text:__TI_auto_init_nobinit_nopinit:__TI_auto_init_nobinit_nopinit)
                  00003a90    00000034                                   : boot_cortex_m.c.obj (.text:_c_int00_noargs:_c_int00_noargs)
                  00003ac4    0000000e                                   : copy_decompress_none.c.obj (.text:decompress:none:__TI_decompress_none)
                  00003ad2    0000000c                                   : copy_zero_init.c.obj (.text:decompress:ZI:__TI_zero_init)
                  00003ade    0000000c     startup_frt.obj (.text)
                  00003aea    00000004     rtsv7M4_T_le_v4SPD16_eabi.lib : pre_init.c.obj (.text:_system_pre_init)
                  00003aee    00000004                                   : exit.c.obj (.text:abort:abort)

.const     0    00003af4    00000008     
                  00003af4    00000004     port.obj (.const)
                  00003af8    00000004     tasks.obj (.const)

.cinit     0    00003b00    00000038     
                  00003b00    0000000f     (.cinit..data.load) [load image, compression = lzss]
                  00003b0f    00000001     --HOLE-- [fill = 0]
                  00003b10    0000000c     (__TI_handler_table)
                  00003b1c    00000004     --HOLE-- [fill = 0]
                  00003b20    00000008     (.cinit..bss.load) [load image, compression = zero_init]
                  00003b28    00000010     (__TI_cinit_table)

.init_array 
*          0    00000000    00000000     UNINITIALIZED

.bss       0    20000000    00001da8     UNINITIALIZED
                  20000000    00001b58     heap_2.obj (.bss:ucHeap)
                  20001b58    00000100     uart.obj (.bss:buffer$1)
                  20001c58    000000c8     tasks.obj (.bss:pxReadyTasksLists)
                  20001d20    00000014     tasks.obj (.bss:xDelayedTaskList1)
                  20001d34    00000014     tasks.obj (.bss:xDelayedTaskList2)
                  20001d48    00000014     tasks.obj (.bss:xPendingReadyList)
                  20001d5c    00000014     tasks.obj (.bss:xSuspendedTaskList)
                  20001d70    00000014     tasks.obj (.bss:xTasksWaitingTermination)
                  20001d84    00000008     tasks.obj (.bss)
                  20001d8c    00000008     heap_2.obj (.bss:xEnd)
                  20001d94    00000008     heap_2.obj (.bss:xStart)
                  20001d9c    00000004     (.common:joystick_mutex)
                  20001da0    00000004     (.common:joystick_uart_mutex)
                  20001da4    00000001     (.common:spi_pan_encoder)
                  20001da5    00000001     (.common:spi_pan_motor)
                  20001da6    00000001     (.common:spi_tilt_encoder)
                  20001da7    00000001     (.common:spi_tilt_motor)

.data      0    20001fa8    00000048     UNINITIALIZED
                  20001fa8    00000034     tasks.obj (.data)
                  20001fdc    00000008     heap_2.obj (.data)
                  20001fe4    00000006     joystick.obj (.data:joystick)
                  20001fea    00000002     --HOLE--
                  20001fec    00000004     port.obj (.data)

.stack     0    20001da8    00000200     UNINITIALIZED
                  20001da8    00000004     rtsv7M4_T_le_v4SPD16_eabi.lib : boot_cortex_m.c.obj (.stack)
                  20001dac    000001fc     --HOLE--

__llvm_prf_cnts 
*          0    20000000    00000000     UNINITIALIZED

MODULE SUMMARY

       Module                       code    ro data   rw data
       ------                       ----    -------   -------
    ./
       spi.obj                      476     0         0      
       uart.obj                     176     0         256    
       uart0.obj                    428     0         0      
       main.obj                     308     0         8      
       joystick.obj                 240     0         6      
       gpio.obj                     164     0         0      
       adc.obj                      112     0         0      
       controller.obj               76      0         4      
    +--+----------------------------+-------+---------+---------+
       Total:                       1980    0         274    
                                                             
    ./frt10/port/MemMang/
       heap_2.obj                   472     0         7024   
    +--+----------------------------+-------+---------+---------+
       Total:                       472     0         7024   
                                                             
    ./frt10/port/TivaM4/
       startup_frt.obj              12      620       0      
       port.obj                     316     4         4      
       portasm.obj                  218     0         0      
       systick_frt.obj              108     0         0      
    +--+----------------------------+-------+---------+---------+
       Total:                       654     624       4      
                                                             
    ./frt10/src/
       tasks.obj                    7472    4         360    
       queue.obj                    3050    0         0      
       list.obj                     298     0         0      
    +--+----------------------------+-------+---------+---------+
       Total:                       10820   4         360    
                                                             
    /home/jacob/Appimages/ccs1260/ccs/tools/compiler/ti-cgt-arm_20.2.7.LTS/lib/rtsv7M4_T_le_v4SPD16_eabi.lib
       memcpy_t2.asm.obj            156     0         0      
       memset_t2.asm.obj            122     0         0      
       copy_decompress_lzss.c.obj   104     0         0      
       autoinit.c.obj               68      0         0      
       boot_cortex_m.c.obj          52      0         0      
       copy_decompress_none.c.obj   14      0         0      
       copy_zero_init.c.obj         12      0         0      
       exit.c.obj                   4       0         0      
       pre_init.c.obj               4       0         0      
    +--+----------------------------+-------+---------+---------+
       Total:                       536     0         0      
                                                             
       Stack:                       0       0         512    
       Linker Generated:            0       51        0      
    +--+----------------------------+-------+---------+---------+
       Grand Total:                 14462   679       8174   


LINKER GENERATED COPY TABLES

__TI_cinit_table @ 00003b28 records: 2, size/record: 8, table size: 16
	.data: load addr=00003b00, load size=0000000f bytes, run addr=20001fa8, run size=00000048 bytes, compression=lzss
	.bss: load addr=00003b20, load size=00000008 bytes, run addr=20000000, run size=00001da8 bytes, compression=zero_init


LINKER GENERATED HANDLER TABLE

__TI_handler_table @ 00003b10 records: 3, size/record: 4, table size: 12
	index: 0, handler: __TI_decompress_lzss
	index: 1, handler: __TI_decompress_none
	index: 2, handler: __TI_zero_init


GLOBAL SYMBOLS: SORTED ALPHABETICALLY BY Name 

address   name                               
-------   ----                               
00003aef  C$$EXIT                            
00003adf  ResetISR                           
20001fa8  __STACK_END                        
00000200  __STACK_SIZE                       
20001fa8  __STACK_TOP                        
00003b28  __TI_CINIT_Base                    
00003b38  __TI_CINIT_Limit                   
00003b10  __TI_Handler_Table_Base            
00003b1c  __TI_Handler_Table_Limit           
00003a4d  __TI_auto_init_nobinit_nopinit     
00003999  __TI_decompress_lzss               
00003ac5  __TI_decompress_none               
ffffffff  __TI_pprof_out_hndl                
ffffffff  __TI_prof_data_size                
ffffffff  __TI_prof_data_start               
00000000  __TI_static_base__                 
00003ad3  __TI_zero_init                     
00003841  __aeabi_memclr                     
00003841  __aeabi_memclr4                    
00003841  __aeabi_memclr8                    
000037a5  __aeabi_memcpy                     
000037a5  __aeabi_memcpy4                    
000037a5  __aeabi_memcpy8                    
00003843  __aeabi_memset                     
00003843  __aeabi_memset4                    
00003843  __aeabi_memset8                    
ffffffff  __binit__                          
ffffffff  __c_args__                         
UNDEFED   __mpu_init                         
20001da8  __stack                            
20000000  __start___llvm_prf_cnts            
20000000  __stop___llvm_prf_cnts             
00003a91  _c_int00_noargs                    
UNDEFED   _system_post_cinit                 
00003aeb  _system_pre_init                   
00003aef  abort                              
00003763  alive_blink                        
ffffffff  binit                              
00003a01  controller_task                    
00002bdd  delay_ms                           
00002b89  delay_us                           
00003225  error                              
00000000  g_pfnVectors                       
000038bd  get_adc                            
000038c5  init_adc                           
00003701  init_gpio                          
00003485  init_joystick                      
00002c0b  init_spi                           
0000392d  init_systick                       
000036bd  init_uart                          
20001fe4  joystick                           
20001d9c  joystick_mutex                     
000034b5  joystick_task                      
00003503  joystick_uart_echo_task            
20001da0  joystick_uart_mutex                
00002f3d  lcrh_databits                      
00002f81  lcrh_parity                        
00002f67  lcrh_stopbits                      
00003247  main                               
000037a5  memcpy                             
00003849  memset                             
00000d11  pcTaskGetName                      
00002d65  pvPortMalloc                       
000017c9  pvTaskIncrementMutexHeldCount      
20001fa8  pxCurrentTCB                       
000030e9  pxPortInitialiseStack              
0000374d  setLEDColor                        
0000322f  setup                              
20001da4  spi_pan_encoder                    
20001da5  spi_pan_motor                      
00002d03  spi_task                           
20001da6  spi_tilt_encoder                   
20001da7  spi_tilt_motor                     
00002c47  spi_tranceive                      
00002fd5  uart0_fifos_disable                
00002fc9  uart0_fifos_enable                 
00002feb  uart0_getc                         
00003013  uart0_init                         
00002fff  uart0_putc                         
00002fe1  uart0_rx_rdy                       
00002ff3  uart0_tx_rdy                       
00003679  uart_get_string                    
00003669  uart_getc                          
000036cf  uart_put_string                    
000036eb  uart_put_stringln                  
00003651  uart_putc                          
00003af4  ulMaxSyscallInterruptPriority      
00003585  ulPortGetIPSR                      
000017e9  ulTaskGenericNotifyTake            
00001e59  ulTaskGenericNotifyValueClear      
0000343b  uxListRemove                       
000028d5  uxQueueMessagesWaiting             
0000290b  uxQueueMessagesWaitingFromISR      
000028eb  uxQueueSpacesAvailable             
00000d01  uxTaskGetNumberOfTasks             
00000621  uxTaskPriorityGet                  
0000064d  uxTaskPriorityGetFromISR           
000017a1  uxTaskResetEventItemValue          
00003af8  uxTopUsedPriority                  
00003359  vListInitialise                    
00003389  vListInitialiseItem                
000033d5  vListInsert                        
00003399  vListInsertEnd                     
00003641  vPortEnableVFP                     
00003189  vPortEndScheduler                  
0000318b  vPortEnterCritical                 
000031ab  vPortExitCritical                  
00002e7d  vPortFree                          
00002ee1  vPortInitialiseBlocks              
000035fd  vPortSVCHandler                    
000031e7  vPortSetupTimerInterrupt           
0000361d  vPortStartFirstTask                
00002921  vQueueDelete                       
000005eb  vTaskDelay                         
000004a3  vTaskDelete                        
00000b17  vTaskEndScheduler                  
00001cb1  vTaskGenericNotifyGiveFromISR      
000012bd  vTaskInternalSetTimeOutState       
00001361  vTaskMissedYield                   
00000f9b  vTaskPlaceOnEventList              
00000fbd  vTaskPlaceOnUnorderedEventList     
000016a1  vTaskPriorityDisinheritAfterTimeout
000006a9  vTaskPrioritySet                   
00001195  vTaskRemoveFromUnorderedEventList  
0000092b  vTaskResume                        
0000129f  vTaskSetTimeOutState               
00000acd  vTaskStartScheduler                
00000801  vTaskSuspend                       
00000b33  vTaskSuspendAll                    
00000f39  vTaskSwitchContext                 
00002edb  xPortGetFreeHeapSize               
0000359d  xPortPendSVHandler                 
00003153  xPortStartScheduler                
000031c1  xPortSysTickHandler                
0000213f  xQueueCreateMutex                  
0000206f  xQueueGenericCreate                
00001f9d  xQueueGenericReset                 
000021eb  xQueueGenericSend                  
00002319  xQueueGenericSendFromISR           
000023bb  xQueueGiveFromISR                  
0000216b  xQueueGiveMutexRecursive           
00002b1b  xQueueIsQueueEmptyFromISR          
00002b61  xQueueIsQueueFullFromISR           
000026c7  xQueuePeek                         
00002883  xQueuePeekFromISR                  
0000244f  xQueueReceive                      
000027e9  xQueueReceiveFromISR               
0000256d  xQueueSemaphoreTake                
000021a7  xQueueTakeMutexRecursive           
00000d31  xTaskCatchUpTicks                  
000012dd  xTaskCheckForTimeOut               
0000026d  xTaskCreate                        
0000055b  xTaskDelayUntil                    
00001951  xTaskGenericNotify                 
00001ad9  xTaskGenericNotifyFromISR          
00001e09  xTaskGenericNotifyStateClear       
0000188f  xTaskGenericNotifyWait             
00001465  xTaskGetCurrentTaskHandle          
00000cd5  xTaskGetTickCount                  
00000ce9  xTaskGetTickCountFromISR           
00000d6d  xTaskIncrementTick                 
000015a9  xTaskPriorityDisinherit            
00001489  xTaskPriorityInherit               
00001035  xTaskRemoveFromEventList           
00000b49  xTaskResumeAll                     
000009f5  xTaskResumeFromISR                 


GLOBAL SYMBOLS: SORTED BY Symbol Address 

address   name                               
-------   ----                               
00000000  __TI_static_base__                 
00000000  g_pfnVectors                       
00000200  __STACK_SIZE                       
0000026d  xTaskCreate                        
000004a3  vTaskDelete                        
0000055b  xTaskDelayUntil                    
000005eb  vTaskDelay                         
00000621  uxTaskPriorityGet                  
0000064d  uxTaskPriorityGetFromISR           
000006a9  vTaskPrioritySet                   
00000801  vTaskSuspend                       
0000092b  vTaskResume                        
000009f5  xTaskResumeFromISR                 
00000acd  vTaskStartScheduler                
00000b17  vTaskEndScheduler                  
00000b33  vTaskSuspendAll                    
00000b49  xTaskResumeAll                     
00000cd5  xTaskGetTickCount                  
00000ce9  xTaskGetTickCountFromISR           
00000d01  uxTaskGetNumberOfTasks             
00000d11  pcTaskGetName                      
00000d31  xTaskCatchUpTicks                  
00000d6d  xTaskIncrementTick                 
00000f39  vTaskSwitchContext                 
00000f9b  vTaskPlaceOnEventList              
00000fbd  vTaskPlaceOnUnorderedEventList     
00001035  xTaskRemoveFromEventList           
00001195  vTaskRemoveFromUnorderedEventList  
0000129f  vTaskSetTimeOutState               
000012bd  vTaskInternalSetTimeOutState       
000012dd  xTaskCheckForTimeOut               
00001361  vTaskMissedYield                   
00001465  xTaskGetCurrentTaskHandle          
00001489  xTaskPriorityInherit               
000015a9  xTaskPriorityDisinherit            
000016a1  vTaskPriorityDisinheritAfterTimeout
000017a1  uxTaskResetEventItemValue          
000017c9  pvTaskIncrementMutexHeldCount      
000017e9  ulTaskGenericNotifyTake            
0000188f  xTaskGenericNotifyWait             
00001951  xTaskGenericNotify                 
00001ad9  xTaskGenericNotifyFromISR          
00001cb1  vTaskGenericNotifyGiveFromISR      
00001e09  xTaskGenericNotifyStateClear       
00001e59  ulTaskGenericNotifyValueClear      
00001f9d  xQueueGenericReset                 
0000206f  xQueueGenericCreate                
0000213f  xQueueCreateMutex                  
0000216b  xQueueGiveMutexRecursive           
000021a7  xQueueTakeMutexRecursive           
000021eb  xQueueGenericSend                  
00002319  xQueueGenericSendFromISR           
000023bb  xQueueGiveFromISR                  
0000244f  xQueueReceive                      
0000256d  xQueueSemaphoreTake                
000026c7  xQueuePeek                         
000027e9  xQueueReceiveFromISR               
00002883  xQueuePeekFromISR                  
000028d5  uxQueueMessagesWaiting             
000028eb  uxQueueSpacesAvailable             
0000290b  uxQueueMessagesWaitingFromISR      
00002921  vQueueDelete                       
00002b1b  xQueueIsQueueEmptyFromISR          
00002b61  xQueueIsQueueFullFromISR           
00002b89  delay_us                           
00002bdd  delay_ms                           
00002c0b  init_spi                           
00002c47  spi_tranceive                      
00002d03  spi_task                           
00002d65  pvPortMalloc                       
00002e7d  vPortFree                          
00002edb  xPortGetFreeHeapSize               
00002ee1  vPortInitialiseBlocks              
00002f3d  lcrh_databits                      
00002f67  lcrh_stopbits                      
00002f81  lcrh_parity                        
00002fc9  uart0_fifos_enable                 
00002fd5  uart0_fifos_disable                
00002fe1  uart0_rx_rdy                       
00002feb  uart0_getc                         
00002ff3  uart0_tx_rdy                       
00002fff  uart0_putc                         
00003013  uart0_init                         
000030e9  pxPortInitialiseStack              
00003153  xPortStartScheduler                
00003189  vPortEndScheduler                  
0000318b  vPortEnterCritical                 
000031ab  vPortExitCritical                  
000031c1  xPortSysTickHandler                
000031e7  vPortSetupTimerInterrupt           
00003225  error                              
0000322f  setup                              
00003247  main                               
00003359  vListInitialise                    
00003389  vListInitialiseItem                
00003399  vListInsertEnd                     
000033d5  vListInsert                        
0000343b  uxListRemove                       
00003485  init_joystick                      
000034b5  joystick_task                      
00003503  joystick_uart_echo_task            
00003585  ulPortGetIPSR                      
0000359d  xPortPendSVHandler                 
000035fd  vPortSVCHandler                    
0000361d  vPortStartFirstTask                
00003641  vPortEnableVFP                     
00003651  uart_putc                          
00003669  uart_getc                          
00003679  uart_get_string                    
000036bd  init_uart                          
000036cf  uart_put_string                    
000036eb  uart_put_stringln                  
00003701  init_gpio                          
0000374d  setLEDColor                        
00003763  alive_blink                        
000037a5  __aeabi_memcpy                     
000037a5  __aeabi_memcpy4                    
000037a5  __aeabi_memcpy8                    
000037a5  memcpy                             
00003841  __aeabi_memclr                     
00003841  __aeabi_memclr4                    
00003841  __aeabi_memclr8                    
00003843  __aeabi_memset                     
00003843  __aeabi_memset4                    
00003843  __aeabi_memset8                    
00003849  memset                             
000038bd  get_adc                            
000038c5  init_adc                           
0000392d  init_systick                       
00003999  __TI_decompress_lzss               
00003a01  controller_task                    
00003a4d  __TI_auto_init_nobinit_nopinit     
00003a91  _c_int00_noargs                    
00003ac5  __TI_decompress_none               
00003ad3  __TI_zero_init                     
00003adf  ResetISR                           
00003aeb  _system_pre_init                   
00003aef  C$$EXIT                            
00003aef  abort                              
00003af4  ulMaxSyscallInterruptPriority      
00003af8  uxTopUsedPriority                  
00003b10  __TI_Handler_Table_Base            
00003b1c  __TI_Handler_Table_Limit           
00003b28  __TI_CINIT_Base                    
00003b38  __TI_CINIT_Limit                   
20000000  __start___llvm_prf_cnts            
20000000  __stop___llvm_prf_cnts             
20001d9c  joystick_mutex                     
20001da0  joystick_uart_mutex                
20001da4  spi_pan_encoder                    
20001da5  spi_pan_motor                      
20001da6  spi_tilt_encoder                   
20001da7  spi_tilt_motor                     
20001da8  __stack                            
20001fa8  __STACK_END                        
20001fa8  __STACK_TOP                        
20001fa8  pxCurrentTCB                       
20001fe4  joystick                           
ffffffff  __TI_pprof_out_hndl                
ffffffff  __TI_prof_data_size                
ffffffff  __TI_prof_data_start               
ffffffff  __binit__                          
ffffffff  __c_args__                         
ffffffff  binit                              
UNDEFED   __mpu_init                         
UNDEFED   _system_post_cinit                 

[166 symbols]
